version https://git-lfs.github.com/spec/v1
oid sha256:7ae2e0ff962b6545b1c4056d126bdf0fcf1f8787b169aad61622c13b41099571
size 1829364
