version https://git-lfs.github.com/spec/v1
oid sha256:1d47fc7006a6c8ce49872dc7c8a9cf762aadcf29522a50016b370b20bdff9b16
size 2034810
