version https://git-lfs.github.com/spec/v1
oid sha256:46a253236925af5a56ca1af935ff2abc65b3a4dbe1495f55d5eb8287d590a584
size 2033784
