version https://git-lfs.github.com/spec/v1
oid sha256:92ef26703823a4c8b2cc311103c1d5f8e6118dd5bf83127307ce077d9f4b65f8
size 17
