version https://git-lfs.github.com/spec/v1
oid sha256:f34e8e95d3536526bc166b5adc11b463c390163c1796f299308a47f8b4f89e72
size 1252
