version https://git-lfs.github.com/spec/v1
oid sha256:45ca68142b57bfee7f002364555d7bf02dcbd25e462815db2d45c823e61cf584
size 1512442
