version https://git-lfs.github.com/spec/v1
oid sha256:7c6e51b3ce0757fe443c631b3cdfeac2216cea30b79661aa904f8187b631d41e
size 6777789
