version https://git-lfs.github.com/spec/v1
oid sha256:3de1bcfa0bfcc3ee770ed37b5589540f86a32185342b2d798c2664c7a3d6d518
size 72
