version https://git-lfs.github.com/spec/v1
oid sha256:8e36190f48f36e4fb918417f71f25170b6c87c8177b90198d26252e00079c18e
size 81
