version https://git-lfs.github.com/spec/v1
oid sha256:6c98e7fec768b9fe59965f3b9b5181ae7c35e35ee57edac49c189c578a61ba0d
size 267
