version https://git-lfs.github.com/spec/v1
oid sha256:6dcc5b976e90a465e0b1d7fe3cf65b4bceb29f56f6d58a6927bdf05668fe7d03
size 5437
