version https://git-lfs.github.com/spec/v1
oid sha256:4303004b151251b7956ab2483e28bae4c0e36bbd69cca31d7c60fb0ad2c0a66d
size 12
