version https://git-lfs.github.com/spec/v1
oid sha256:901fcb995b5ade65c8e159881c9c575ff3b9af1b25738120f06ae8cf6981acae
size 198
