version https://git-lfs.github.com/spec/v1
oid sha256:9a7b41bbf2d24cd5ce10a32a675acf937cf3df56776d13dd075fc3df252024ae
size 40
