version https://git-lfs.github.com/spec/v1
oid sha256:93f9b983001b1ad49b6c8fd8c2e27ba98f2233975594853b580b18b34bfa162d
size 89
