version https://git-lfs.github.com/spec/v1
oid sha256:a64711f7c61aae4f6e601ee09ca8e1e5533da592d87118898ff6cd66d1442594
size 31
