version https://git-lfs.github.com/spec/v1
oid sha256:1a14dbe2303ef65ec8df9e16d0a48d47fac2ed2828936af9c356e61f3e1fe8c2
size 40
