version https://git-lfs.github.com/spec/v1
oid sha256:ad694a5746d6f0073c119b361ec87b4a790ac8fa48f37404b4ad81f71ee6f609
size 18
