version https://git-lfs.github.com/spec/v1
oid sha256:17c0c7e5885e153991b09bb5736b0b5a277838c7dfb2c3f5a0ad646c4838f6ef
size 45
