version https://git-lfs.github.com/spec/v1
oid sha256:1cda3f5e6b776c0087aec2c2482c35162a0d34ee43b5601d192d8c1710d874da
size 35
