version https://git-lfs.github.com/spec/v1
oid sha256:e6e03e75ae2d0aa8da3e1bca2f62bca8c5637a4993fb28f1ffb3b4a4af88ec93
size 131
