version https://git-lfs.github.com/spec/v1
oid sha256:761c118bcfb6e73ebc10b0b2c2be83eae8023889465e3b06986b6e8267e635c5
size 1748673
