version https://git-lfs.github.com/spec/v1
oid sha256:2564cd63ffd8c46e7b44b5515c5eded6feecbb5f04dd3cb3bd6bc67da6b4c537
size 3184996
