version https://git-lfs.github.com/spec/v1
oid sha256:72cddb1daaa2122527535c381e5c659de149d61fad545e80ef048810a105aa0c
size 60
