version https://git-lfs.github.com/spec/v1
oid sha256:46066aede3e055309cafe3371ccafcfeb8188c598cb5f7c4171d0fd0a3f846aa
size 12
